2025-12-20 15:40:58.398 | INFO     | __main__:main:39 - LOGGER OK
2025-12-20 15:42:57.244 | INFO     | __main__:main:39 - LOGGER OK
2025-12-20 15:47:14.584 | INFO     | __main__:main:39 - LOGGER OK
2025-12-20 15:47:27.648 | INFO     | __main__:main:39 - LOGGER OK
2025-12-20 16:41:23.692 | INFO     | __main__:main:39 - LOGGER OK
2025-12-20 16:44:48.744 | INFO     | __main__:main:39 - LOGGER OK
2025-12-20 19:11:44.391 | INFO     | __main__:main:39 - LOGGER OK
2025-12-20 19:12:43.397 | INFO     | __main__:main:39 - LOGGER OK
2025-12-20 20:32:26.097 | INFO     | __main__:main:39 - LOGGER OK
2025-12-20 20:37:34.832 | INFO     | __main__:main:39 - LOGGER OK
2025-12-20 21:17:19.786 | INFO     | __main__:main:39 - LOGGER OK
2025-12-20 21:20:05.126 | INFO     | __main__:main:35 - LOGGER OK
2025-12-20 21:22:57.958 | INFO     | __main__:main:35 - LOGGER OK
2025-12-20 21:24:24.460 | INFO     | __main__:main:35 - LOGGER OK
2025-12-20 21:27:31.728 | INFO     | __main__:main:35 - LOGGER OK
2025-12-20 21:29:09.396 | INFO     | __main__:main:35 - LOGGER OK
2025-12-20 21:29:56.695 | INFO     | __main__:main:35 - LOGGER OK
2025-12-23 12:05:50.788 | INFO     | __main__:main:35 - LOGGER OK
2025-12-23 12:05:50.788 | INFO     | __main__:main:47 - Running AnyTF-MTA... symbols=['XAUUSD'] timeframes=['M5', 'M15', 'H1', 'H4', 'D1'] min_rr=1.2 poll=2s bars=300
2025-12-23 12:09:57.679 | INFO     | __main__:main:66 - Trigger close: XAUUSD M5 closed=2025-12-23 07:05:00
2025-12-23 12:14:57.172 | INFO     | __main__:main:66 - Trigger close: XAUUSD M5 closed=2025-12-23 07:10:00
2025-12-23 12:14:57.227 | INFO     | __main__:main:66 - Trigger close: XAUUSD M15 closed=2025-12-23 07:00:00
2025-12-23 12:19:56.608 | INFO     | __main__:main:66 - Trigger close: XAUUSD M5 closed=2025-12-23 07:15:00
2025-12-23 12:24:57.898 | INFO     | __main__:main:66 - Trigger close: XAUUSD M5 closed=2025-12-23 07:20:00
2025-12-23 12:29:57.319 | INFO     | __main__:main:66 - Trigger close: XAUUSD M5 closed=2025-12-23 07:25:00
2025-12-23 12:29:57.388 | INFO     | __main__:main:66 - Trigger close: XAUUSD M15 closed=2025-12-23 07:15:00
2025-12-23 12:34:58.100 | INFO     | __main__:main:66 - Trigger close: XAUUSD M5 closed=2025-12-23 07:30:00
2025-12-23 12:39:57.159 | INFO     | __main__:main:66 - Trigger close: XAUUSD M5 closed=2025-12-23 07:35:00
2025-12-23 12:44:56.737 | INFO     | __main__:main:66 - Trigger close: XAUUSD M5 closed=2025-12-23 07:40:00
2025-12-23 12:44:56.805 | INFO     | __main__:main:66 - Trigger close: XAUUSD M15 closed=2025-12-23 07:30:002025-12-23 12:49:56.416 | INFO     | __main__:main:66 - Trigger close: XAUUSD M5 closed=2025-12-23 07:45:00
2025-12-23 12:54:57.843 | INFO     | __main__:main:66 - Trigger close: XAUUSD M5 closed=2025-12-23 07:50:00
2025-12-23 13:00:01.468 | INFO     | __main__:main:66 - Trigger close: XAUUSD M5 closed=2025-12-23 07:55:00
2025-12-23 13:00:01.536 | INFO     | __main__:main:66 - Trigger close: XAUUSD M15 closed=2025-12-23 07:45:00
2025-12-23 13:00:01.588 | INFO     | __main__:main:66 - Trigger close: XAUUSD H1 closed=2025-12-23 07:00:00
2025-12-23 13:00:01.646 | INFO     | __main__:main:66 - Trigger close: XAUUSD H4 closed=2025-12-23 04:00:00
2025-12-23 13:05:00.815 | INFO     | __main__:main:66 - Trigger close: XAUUSD M5 closed=2025-12-23 08:00:00
2025-12-23 13:10:02.120 | INFO     | __main__:main:66 - Trigger close: XAUUSD M5 closed=2025-12-23 08:05:00
2025-12-23 13:15:00.537 | INFO     | __main__:main:66 - Trigger close: XAUUSD M5 closed=2025-12-23 08:10:00
2025-12-23 13:15:00.616 | INFO     | __main__:main:66 - Trigger close: XAUUSD M15 closed=2025-12-23 08:00:00
2025-12-23 13:20:00.514 | INFO     | __main__:main:66 - Trigger close: XAUUSD M5 closed=2025-12-23 08:15:00
2025-12-23 13:25:00.741 | INFO     | __main__:main:66 - Trigger close: XAUUSD M5 closed=2025-12-23 08:20:00
2025-12-23 13:30:01.450 | INFO     | __main__:main:66 - Trigger close: XAUUSD M5 closed=2025-12-23 08:25:00
2025-12-23 13:30:01.504 | INFO     | __main__:main:66 - Trigger close: XAUUSD M15 closed=2025-12-23 08:15:00
2025-12-23 13:35:01.221 | INFO     | __main__:main:66 - Trigger close: XAUUSD M5 closed=2025-12-23 08:30:00
2025-12-23 13:37:57.957 | INFO     | __main__:main:35 - LOGGER OK
2025-12-23 13:37:57.961 | INFO     | __main__:main:47 - Running AnyTF-MTA... symbols=['XAUUSD'] timeframes=['M5', 'M15', 'H1', 'H4', 'D1'] min_rr=1.2 poll=2s bars=300
2025-12-23 13:40:00.161 | INFO     | __main__:main:66 - Trigger close: XAUUSD M5 closed=2025-12-23 08:35:00
2025-12-23 13:42:16.227 | INFO     | __main__:main:35 - LOGGER OK
2025-12-23 13:42:16.230 | INFO     | __main__:main:47 - Running AnyTF-MTA... symbols=['XAUUSD'] timeframes=['M5', 'M15', 'H1', 'H4', 'D1'] min_rr=1.2 poll=2s bars=300
2025-12-23 13:45:00.801 | INFO     | __main__:main:66 - Trigger close: XAUUSD M5 closed=2025-12-23 08:40:00
2025-12-23 13:45:01.036 | INFO     | __main__:main:66 - Trigger close: XAUUSD M15 closed=2025-12-23 08:30:00
2025-12-23 13:47:03.868 | INFO     | __main__:main:35 - LOGGER OK
2025-12-23 13:47:05.446 | INFO     | __main__:main:58 - Running AnyTF-MTA... symbols=['XAUUSD'] timeframes=['M5', 'M15', 'H1', 'H4', 'D1'] min_rr=1.2 poll=2s bars=300
2025-12-23 13:50:00.226 | INFO     | __main__:main:77 - Trigger close: XAUUSD M5 closed=2025-12-23 08:45:00
2025-12-23 13:52:23.777 | INFO     | __main__:main:35 - LOGGER OK
2025-12-23 13:52:24.577 | INFO     | __main__:main:58 - Running AnyTF-MTA... symbols=['XAUUSD'] timeframes=['M5', 'M15', 'H1', 'H4', 'D1'] min_rr=1.2 poll=2s bars=300
2025-12-23 15:05:02.249 | INFO     | __main__:main:35 - LOGGER OK
2025-12-23 15:05:03.075 | INFO     | __main__:main:57 - Running AnyTF-MTA... symbols=['XAUUSD'] timeframes=['M5', 'M15', 'H1', 'H4', 'D1'] min_rr=1.2 poll=2s bars=300
2025-12-23 15:05:21.675 | INFO     | __main__:main:35 - LOGGER OK
2025-12-23 15:05:22.517 | INFO     | __main__:main:57 - Running AnyTF-MTA... symbols=['XAUUSD'] timeframes=['M5', 'M15', 'H1', 'H4', 'D1'] min_rr=1.2 poll=2s bars=300
2025-12-23 15:10:01.383 | INFO     | __main__:main:75 - Trigger close: XAUUSD M5 closed=2025-12-23 10:05:00
2025-12-23 15:22:49.033 | INFO     | __main__:main:35 - LOGGER OK
2025-12-23 15:22:49.033 | INFO     | __main__:main:38 - SETTINGS symbols=['XAUUSD'] TFs=['M5', 'M15', 'H1', 'H4', 'D1'] BARS=800 MIN_RR=1.0
2025-12-23 15:22:49.050 | INFO     | __main__:main:47 - MT5 CONNECTED login=5043941665 server=MetaQuotes-Demo
2025-12-23 15:25:04.973 | INFO     | __main__:main:76 - [CLOSE] XAUUSD M5 time=2025-12-23 10:20:00
2025-12-23 15:25:05.113 | WARNING  | __main__:main:112 - [NO SIGNAL] XAUUSD M5 (check bias / trigger / RR)
2025-12-23 15:30:02.553 | INFO     | __main__:main:76 - [CLOSE] XAUUSD M5 time=2025-12-23 10:25:00
2025-12-23 15:30:02.725 | WARNING  | __main__:main:112 - [NO SIGNAL] XAUUSD M5 (check bias / trigger / RR)
2025-12-23 15:30:02.760 | INFO     | __main__:main:76 - [CLOSE] XAUUSD M15 time=2025-12-23 10:15:00
2025-12-23 15:30:02.998 | SUCCESS  | __main__:main:119 - [SIGNAL] XAUUSD M15 BUY RR=1.40
2025-12-23 15:30:03.000 | DEBUG    | __main__:main:124 - SIGNAL DETAIL: AnyTF-MTA | Trigger=M15 | Direction=BUY | Confirm=H1:BULL | H4:BULL | D1:BULL | FIB near fib_0=4497.79 (UP) | S~4482.98 R~4485.56 | FixedZone BUY (EZ=30p, SL=50p, TP=40/70/100) | PriceNow=4487.20 | EntryZone=4484.20-4487.20 | SL=4482.20 | TP1=4494.20 TP2=4497.20 TP3=4501.20 | RR(TP1)=1.40
2025-12-23 15:32:52.261 | WARNING  | __main__:main:132 - STOPPED by user
2025-12-23 15:32:52.262 | INFO     | __main__:main:139 - MT5 SHUTDOWN
2025-12-23 15:32:55.118 | INFO     | __main__:main:34 - LOGGER OK
2025-12-23 15:32:55.119 | INFO     | __main__:main:37 - SETTINGS symbols=['XAUUSD'] TFs=['M5', 'M15', 'H1', 'H4', 'D1'] BARS=800 MIN_RR=1.0 poll=5s
2025-12-23 15:32:55.121 | INFO     | __main__:main:46 - MT5 CONNECTED login=5043941665 server=MetaQuotes-Demo
2025-12-23 15:35:00.611 | INFO     | __main__:main:76 - [CLOSE] XAUUSD M5 time=2025-12-23 10:30:00
2025-12-23 15:35:00.751 | SUCCESS  | __main__:main:113 - [SIGNAL] XAUUSD M5 BUY RR=1.40
2025-12-23 15:35:00.752 | DEBUG    | __main__:main:118 - SIGNAL DETAIL: AnyTF-MTA | Trigger=M5 | Direction=BUY | Confirm=M15:BULL | H1:BULL | H4:BULL | D1:BULL | FIB near fib_0.618=4486.99 (DOWN) | S~4484.03 R~4488.82 | BaseZone 4484.67-4490.55 | FixedZone BUY (EZ=30p, SL=50p, TP=40/70/100) | PriceNow=4489.23 | EntryZone=4486.23-4489.23 | SL=4484.23 | TP1=4496.23 TP2=4499.23 TP3=4503.23 | RR(TP1)=1.40
2025-12-23 15:40:02.753 | INFO     | __main__:main:76 - [CLOSE] XAUUSD M5 time=2025-12-23 10:35:00
2025-12-23 15:40:02.902 | SUCCESS  | __main__:main:113 - [SIGNAL] XAUUSD M5 BUY RR=1.40
2025-12-23 15:40:02.903 | DEBUG    | __main__:main:118 - SIGNAL DETAIL: AnyTF-MTA | Trigger=M5 | Direction=BUY | Confirm=M15:BULL | H1:BULL | H4:BULL | D1:BULL | FIB near fib_0.786=4491.74 (DOWN) | S~4484.03 R~4490.89 | BaseZone 4484.67-4491.26 | FixedZone BUY (EZ=30p, SL=50p, TP=40/70/100) | PriceNow=4490.64 | EntryZone=4487.64-4490.64 | SL=4485.64 | TP1=4497.64 TP2=4500.64 TP3=4504.64 | RR(TP1)=1.40
    2025-12-23 17:28:29.056 | WARNING  | main:main:126 - STOPPED by user (Ctrl+C)
2025-12-23 17:28:29.057 | INFO     | main:main:133 - MT5 SHUTDOWN
2025-12-23 17:29:40.830 | INFO     | main:main:34 - LOGGER OK
2025-12-23 17:29:40.831 | INFO     | main:main:37 - SETTINGS symbols=['XAUUSD'] TFs=['M5', 'M15', 'H1', 'H4', 'D1'] BARS=800 MIN_RR=1.0 poll=5s
2025-12-23 17:29:40.834 | INFO     | main:main:46 - MT5 CONNECTED login=5043941665 server=MetaQuotes-Demo
2025-12-23 17:30:02.456 | INFO     | main:main:76 - [CLOSE] XAUUSD M5 time=2025-12-23 12:25:00
2025-12-23 17:30:02.622 | WARNING  | main:main:109 - [NO SIGNAL] XAUUSD M5 | ATR_TOO_LOW atrp=2.4886 thr=2.6915
2025-12-23 17:30:02.670 | INFO     | main:main:76 - [CLOSE] XAUUSD M15 time=2025-12-23 12:15:00
2025-12-23 17:30:02.828 | WARNING  | main:main:109 - [NO SIGNAL] XAUUSD M15 | TRIGGER_FAIL_WITH_BIAS dir=BUY bias=BULL confirm=['H1:BULL', 'H4:BULL', 'D1:BULL']
2025-12-23 17:35:04.048 | INFO     | main:main:76 - [CLOSE] XAUUSD M5 time=2025-12-23 12:30:00
2025-12-23 17:35:04.190 | WARNING  | main:main:109 - [NO SIGNAL] XAUUSD M5 | ATR_TOO_LOW atrp=2.6250 thr=2.6902
2025-12-23 17:40:00.103 | INFO     | main:main:76 - [CLOSE] XAUUSD M5 time=2025-12-23 12:35:00
2025-12-23 17:40:00.245 | WARNING  | main:main:109 - [NO SIGNAL] XAUUSD M5 | ATR_TOO_LOW atrp=2.4621 thr=2.6899
2025-12-23 17:45:01.015 | INFO     | main:main:76 - [CLOSE] XAUUSD M5 time=2025-12-23 12:40:00
2025-12-23 17:45:01.149 | WARNING  | main:main:109 - [NO SIGNAL] XAUUSD M5 | ATR_TOO_LOW atrp=2.4221 thr=2.6897
2025-12-23 17:45:01.186 | INFO     | main:main:76 - [CLOSE] XAUUSD M15 time=2025-12-23 12:30:00
2025-12-23 17:45:01.312 | WARNING  | main:main:109 - [NO SIGNAL] XAUUSD M15 | TRIGGER_FAIL_WITH_BIAS dir=BUY bias=BULL confirm=['H1:BULL', 'H4:BULL', 'D1:BULL']
2025-12-23 17:47:02.426 | WARNING  | main:main:126 - STOPPED by user (Ctrl+C)
2025-12-23 17:47:02.429 | INFO     | main:main:133 - MT5 SHUTDOWN
